date:   2026-10-08T02:37:18Z
commit: dca68e22652a6080f244d36884177a38f823cf04
go:     go version go1.27.1-X:nodwarf5 linux/amd64

=== gofmt -l ===
clean

=== go build ./... ===
--- exit 0 ---

=== go build -o cmdg ./cmd/cmdg ===
--- exit 0 ---

=== ./cmdg built from ===
	build	vcs.revision=dca68e22652a6080f244d36884177a38f823cf04
	build	vcs.modified=true

=== go vet ./... ===
--- exit 0 ---

=== go test ./... ===
ok  	github.com/ThomasHabets/cmdg/cmd/cmdg	0.224s
?   	github.com/ThomasHabets/cmdg/cmd/med	[no test files]
ok  	github.com/ThomasHabets/cmdg/internal/customize	(cached)
ok  	github.com/ThomasHabets/cmdg/pkg/cmdg	0.253s
ok  	github.com/ThomasHabets/cmdg/pkg/dialog	(cached)
ok  	github.com/ThomasHabets/cmdg/pkg/display	(cached)
ok  	github.com/ThomasHabets/cmdg/pkg/gpg	(cached)
ok  	github.com/ThomasHabets/cmdg/pkg/input	(cached)
--- exit 0 ---

overall exit: 0
